gx_display_driver_16bpp_pixelmap_draw.c:74:13:_gx_display_driver_565rgb_pixelmap_raw_write	56	static
gx_display_driver_16bpp_pixelmap_draw.c:155:13:_gx_display_driver_565rgb_pixelmap_alpha_write	80	static
gx_display_driver_16bpp_pixelmap_draw.c:242:13:_gx_display_driver_565rgb_pixelmap_compressed_write	56	static
gx_display_driver_16bpp_pixelmap_draw.c:380:13:_gx_display_driver_565rgb_pixelmap_compressed_alpha_write	80	static
gx_display_driver_16bpp_pixelmap_draw.c:575:13:_gx_display_driver_565rgb_palette_pixelmap_raw_write	64	static
gx_display_driver_16bpp_pixelmap_draw.c:665:13:_gx_display_driver_565rgb_palette_pixelmap_transparent_raw_write	64	static
gx_display_driver_16bpp_pixelmap_draw.c:762:13:_gx_display_driver_565rgb_palette_pixelmap_transparent_compressed_write	80	static
gx_display_driver_16bpp_pixelmap_draw.c:964:13:_gx_display_driver_565rgb_palette_pixelmap_compressed_write	72	static
gx_display_driver_16bpp_pixelmap_draw.c:1151:13:_gx_display_driver_16bpp_4444argb_pixelmap_raw_write	64	static
gx_display_driver_16bpp_pixelmap_draw.c:1244:13:_gx_display_driver_16bpp_4444argb_pixelmap_compressed_write	64	static
gx_display_driver_16bpp_pixelmap_draw.c:1468:6:_gx_display_driver_565rgb_pixelmap_draw	40	static
gx_display_driver_16bpp_pixelmap_draw.c:1647:6:_gx_display_driver_1555xrgb_pixelmap_draw	40	static
