gx_display_driver_565rgb_rotated_horizontal_pixelmap_line_draw.c:80:13:_gx_display_driver_565rgb_rotated_horizontal_pixelmap_line_raw_blend	56	static
gx_display_driver_565rgb_rotated_horizontal_pixelmap_line_draw.c:165:13:_gx_display_driver_565rgb_rotated_horizontal_pixelmap_line_alpha_blend	64	static
gx_display_driver_565rgb_rotated_horizontal_pixelmap_line_draw.c:263:13:_gx_display_driver_565rgb_rotated_horizontal_pixelmap_line_compressed_blend	72	static
gx_display_driver_565rgb_rotated_horizontal_pixelmap_line_draw.c:391:13:_gx_display_driver_565rgb_rotated_horizontal_pixelmap_line_compressed_alpha_blend	80	static
gx_display_driver_565rgb_rotated_horizontal_pixelmap_line_draw.c:547:13:_gx_display_driver_565rgb_rotated_horizontal_pixelmap_line_raw_write	48	static
gx_display_driver_565rgb_rotated_horizontal_pixelmap_line_draw.c:637:13:_gx_display_driver_565rgb_rotated_horizontal_pixelmap_line_alpha_write	64	static
gx_display_driver_565rgb_rotated_horizontal_pixelmap_line_draw.c:725:13:_gx_display_driver_565rgb_rotated_horizontal_pixelmap_line_compressed_write	56	static
gx_display_driver_565rgb_rotated_horizontal_pixelmap_line_draw.c:858:13:_gx_display_driver_565rgb_rotated_horizontal_pixelmap_line_compressed_alpha_write	80	static
gx_display_driver_565rgb_rotated_horizontal_pixelmap_line_draw.c:1025:6:_gx_display_driver_565rgb_rotated_horizontal_pixelmap_line_draw	48	static
