gx_display_driver_32bpp_horizontal_pixelmap_line_draw.c:79:13:_gx_display_driver_32bpp_horizontal_pixelmap_line_alpha_blend	56	static
gx_display_driver_32bpp_horizontal_pixelmap_line_draw.c:168:13:_gx_display_driver_32bpp_horizontal_pixelmap_line_raw_blend	56	static
gx_display_driver_32bpp_horizontal_pixelmap_line_draw.c:253:13:_gx_display_driver_32bpp_horizontal_pixelmap_line_compressed_blend	64	static
gx_display_driver_32bpp_horizontal_pixelmap_line_draw.c:390:13:_gx_display_driver_32bpp_horizontal_pixelmap_line_compressed_alpha_blend	64	static
gx_display_driver_32bpp_horizontal_pixelmap_line_draw.c:533:13:_gx_display_driver_32bpp_horizontal_pixelmap_line_alpha_write	64	static
gx_display_driver_32bpp_horizontal_pixelmap_line_draw.c:628:13:_gx_display_driver_32bpp_horizontal_pixelmap_line_raw_write	48	static
gx_display_driver_32bpp_horizontal_pixelmap_line_draw.c:712:13:_gx_display_driver_32bpp_horizontal_pixelmap_line_compressed_write	56	static
gx_display_driver_32bpp_horizontal_pixelmap_line_draw.c:855:13:_gx_display_driver_32bpp_horizontal_pixelmap_line_compressed_alpha_write	64	static
gx_display_driver_32bpp_horizontal_pixelmap_line_draw.c:1027:6:_gx_display_driver_32bpp_horizontal_pixelmap_line_draw	40	static
