gx_display_driver_565rgb_horizontal_pixelmap_line_draw.c:82:13:_gx_display_driver_565rgb_horizontal_pixelmap_line_raw_blend	72	static
gx_display_driver_565rgb_horizontal_pixelmap_line_draw.c:175:13:_gx_display_driver_565rgb_horizontal_pixelmap_line_alpha_blend	72	static
gx_display_driver_565rgb_horizontal_pixelmap_line_draw.c:281:13:_gx_display_driver_565rgb_horizontal_pixelmap_line_compressed_blend	72	static
gx_display_driver_565rgb_horizontal_pixelmap_line_draw.c:415:13:_gx_display_driver_565rgb_horizontal_pixelmap_line_compressed_alpha_blend	80	static
gx_display_driver_565rgb_horizontal_pixelmap_line_draw.c:578:13:_gx_display_driver_565rgb_horizontal_pixelmap_line_raw_write	48	static
gx_display_driver_565rgb_horizontal_pixelmap_line_draw.c:669:13:_gx_display_driver_565rgb_horizontal_pixelmap_line_alpha_write	72	static
gx_display_driver_565rgb_horizontal_pixelmap_line_draw.c:765:13:_gx_display_driver_565rgb_horizontal_pixelmap_line_compressed_write	56	static
gx_display_driver_565rgb_horizontal_pixelmap_line_draw.c:900:13:_gx_display_driver_565rgb_horizontal_pixelmap_line_compressed_alpha_write	80	static
gx_display_driver_565rgb_horizontal_pixelmap_line_draw.c:1074:6:_gx_display_driver_565rgb_horizontal_pixelmap_line_draw	40	static
