gx_display_driver_4444argb_horizontal_pixelmap_line_draw.c:80:13:_gx_display_driver_4444argb_horizontal_pixelmap_line_alpha_blend	72	static
gx_display_driver_4444argb_horizontal_pixelmap_line_draw.c:176:13:_gx_display_driver_4444argb_horizontal_pixelmap_line_raw_blend	64	static
gx_display_driver_4444argb_horizontal_pixelmap_line_draw.c:267:13:_gx_display_driver_4444argb_horizontal_pixelmap_line_compressed_alpha_blend	72	static
gx_display_driver_4444argb_horizontal_pixelmap_line_draw.c:417:13:_gx_display_driver_4444argb_horizontal_pixelmap_line_compressed_blend	72	static
gx_display_driver_4444argb_horizontal_pixelmap_line_draw.c:552:13:_gx_display_driver_4444argb_horizontal_pixelmap_line_alpha_write	72	static
gx_display_driver_4444argb_horizontal_pixelmap_line_draw.c:647:13:_gx_display_driver_4444argb_horizontal_pixelmap_line_raw_write	48	static
gx_display_driver_4444argb_horizontal_pixelmap_line_draw.c:733:13:_gx_display_driver_4444argb_horizontal_pixelmap_line_compressed_alpha_write	72	static
gx_display_driver_4444argb_horizontal_pixelmap_line_draw.c:877:13:_gx_display_driver_4444argb_horizontal_pixelmap_line_compressed_write	56	static
gx_display_driver_4444argb_horizontal_pixelmap_line_draw.c:1034:6:_gx_display_driver_4444argb_horizontal_pixelmap_line_draw	40	static
