gx_display_driver_32bpp_pixelmap_draw.c:74:13:_gx_display_driver_24xrgb_pixelmap_raw_write	56	static
gx_display_driver_32bpp_pixelmap_draw.c:160:13:_gx_display_driver_24xrgb_pixelmap_alpha_write	64	static
gx_display_driver_32bpp_pixelmap_draw.c:248:13:_gx_display_driver_24xrgb_pixelmap_compressed_write	72	static
gx_display_driver_32bpp_pixelmap_draw.c:423:13:_gx_display_driver_24xrgb_pixelmap_compressed_alpha_write	72	static
gx_display_driver_32bpp_pixelmap_draw.c:573:13:_gx_display_driver_24xrgb_palette_pixelmap_compressed_write	80	static
gx_display_driver_32bpp_pixelmap_draw.c:763:13:_gx_display_driver_24xrgb_palette_pixelmap_write	64	static
gx_display_driver_32bpp_pixelmap_draw.c:864:13:_gx_display_driver_24xrgb_palette_pixelmap_transparent_write	56	static
gx_display_driver_32bpp_pixelmap_draw.c:959:13:_gx_display_driver_24xrgb_palette_pixelmap_transparent_compressed_write	80	static
gx_display_driver_32bpp_pixelmap_draw.c:1158:13:_gx_display_driver_24xrgb_565rgb_pixelmap_raw_write	56	static
gx_display_driver_32bpp_pixelmap_draw.c:1244:13:_gx_display_driver_24xrgb_565rgb_pixelmap_compressed_write	72	static
gx_display_driver_32bpp_pixelmap_draw.c:1433:13:_gx_display_driver_24xrgb_565rgb_pixelmap_compressed_alpha_write	64	static
gx_display_driver_32bpp_pixelmap_draw.c:1676:13:_gx_display_driver_24xrgb_565rgb_pixelmap_alpha_write	80	static
gx_display_driver_32bpp_pixelmap_draw.c:1781:13:_gx_display_driver_24xrgb_4444argb_pixelmap_alpha_write	64	static
gx_display_driver_32bpp_pixelmap_draw.c:1873:13:_gx_display_driver_24xrgb_4444argb_pixelmap_compressed_alpha_write	64	static
gx_display_driver_32bpp_pixelmap_draw.c:2113:6:_gx_display_driver_24xrgb_pixelmap_draw	40	static
