gx_image_reader_png_decode.c:76:13:_gx_image_reader_png_crc_table_make	32	static
gx_image_reader_png_decode.c:143:13:_gx_image_reader_png_crc_get	40	static
gx_image_reader_png_decode.c:200:13:_gx_image_reader_png_4bytes_read	24	static
gx_image_reader_png_decode.c:260:13:_gx_image_reader_png_chunk_type_read	16	static
gx_image_reader_png_decode.c:317:13:_gx_image_reader_png_bits_get	40	static
gx_image_reader_png_decode.c:409:13:_gx_image_reader_png_bits_revert	24	static
gx_image_reader_png_decode.c:465:13:_gx_image_reader_png_bits_skip	16	static
gx_image_reader_png_decode.c:513:13:_gx_image_reader_png_IHDR_chunk_read	16	static
gx_image_reader_png_decode.c:658:13:_gx_image_reader_png_dynamic_huffman_code_find	48	static
gx_image_reader_png_decode.c:745:13:_gx_image_reader_png_fixed_ll_huffman_code_find	32	static
gx_image_reader_png_decode.c:838:13:_gx_image_reader_png_clen_huffman_read	240	static
gx_image_reader_png_decode.c:934:13:_gx_image_reader_png_ll_huffman_read	136	static
gx_image_reader_png_decode.c:1157:13:_gx_image_reader_png_huffcode_decode	72	static
gx_image_reader_png_decode.c:1352:13:_gx_image_reader_png_tRNS_chunk_read	24	static
gx_image_reader_png_decode.c:1455:13:_gx_image_reader_png_IDAT_chunk_read	64	static
gx_image_reader_png_decode.c:1702:13:_gx_image_reader_png_gAMA_chunk_read	16	static
gx_image_reader_png_decode.c:1756:13:_gx_image_reader_png_PLTE_chunk_read	24	static
gx_image_reader_png_decode.c:1824:17:_gx_image_reader_png_paeth_predictor	32	static
gx_image_reader_png_decode.c:1890:13:_gx_image_reader_png_unfilter	48	static
gx_image_reader_png_decode.c:2047:6:_gx_image_reader_png_decode	48	static
