gx_image_reader_pixel_write_callback_set.c:75:13:_gx_image_reader_8bit_alpha_write	24	static
gx_image_reader_pixel_write_callback_set.c:132:13:_gx_image_reader_8bit_palette_write	24	static
gx_image_reader_pixel_write_callback_set.c:199:13:_gx_image_reader_24xrgb_pixel_write	24	static
gx_image_reader_pixel_write_callback_set.c:258:13:_gx_image_reader_32argb_pixel_write	24	static
gx_image_reader_pixel_write_callback_set.c:317:13:_gx_image_reader_565rgb_rle_pixel_write	24	static
gx_image_reader_pixel_write_callback_set.c:398:13:_gx_image_reader_565rgb_pixel_write	24	static
gx_image_reader_pixel_write_callback_set.c:464:13:_gx_image_reader_565rgb_rotated_pixel_write	24	static
gx_image_reader_pixel_write_callback_set.c:541:13:_gx_image_reader_1555xrgb_rle_pixel_write	24	static
gx_image_reader_pixel_write_callback_set.c:623:13:_gx_image_reader_1555xrgb_pixel_write	24	static
gx_image_reader_pixel_write_callback_set.c:692:13:_gx_image_reader_4444argb_pixel_write	24	static
gx_image_reader_pixel_write_callback_set.c:757:13:_gx_image_reader_4444argb_transparent_write	24	static
gx_image_reader_pixel_write_callback_set.c:822:13:_gx_image_reader_4bit_grayscale_pixel_write	32	static
gx_image_reader_pixel_write_callback_set.c:902:13:_gx_image_reader_4bit_grayscale_transparent_write	32	static
gx_image_reader_pixel_write_callback_set.c:1028:13:_gx_image_reader_monochrome_pixel_write	32	static
gx_image_reader_pixel_write_callback_set.c:1126:13:_gx_image_reader_monochrome_transparent_write	32	static
gx_image_reader_pixel_write_callback_set.c:1246:13:_gx_image_reader_pixel_rotated_write_callback_set	16	static
gx_image_reader_pixel_write_callback_set.c:1370:6:_gx_image_reader_pixel_write_callback_set	16	static
