gx_touch_driver_generic_resistive.c:84:13:_gx_touch_driver_generic_resistive_pen_down_event_send	40	static
gx_touch_driver_generic_resistive.c:140:13:_gx_touch_driver_generic_resistive_pen_drag_event_send	48	static
gx_touch_driver_generic_resistive.c:201:13:_gx_touch_driver_generic_resistive_pen_up_event_send	40	static
gx_touch_driver_generic_resistive.c:258:13:_gx_touch_driver_generic_resistive_coord_calculate	24	static
gx_touch_driver_generic_resistive.c:328:6:_gx_touch_driver_generic_resistive_setup	16	static
gx_touch_driver_generic_resistive.c:377:13:_gx_touch_driver_generic_resistive_calibration_matrix_set	32	static
gx_touch_driver_generic_resistive.c:459:16:_gx_touch_driver_generic_resistive_raw_read	56	static
gx_touch_driver_generic_resistive.c:577:16:_gx_touch_driver_generic_resistive_sample_read	24	static
gx_touch_driver_generic_resistive.c:630:16:_gx_touch_driver_generic_resistive_coordinate_update	24	static
gx_touch_driver_generic_resistive.c:695:6:_gx_touch_driver_generic_resistive_update	16	static
gx_touch_driver_generic_resistive.c:762:13:_gx_touch_driver_generic_resistive_wait_for_touch	16	static
gx_touch_driver_generic_resistive.c:812:13:_gx_touch_driver_generic_resistive_wait_for_no_touch	16	static
gx_touch_driver_generic_resistive.c:870:6:_gx_touch_driver_generic_resistive_calibrate	88	static
