stm32h7xx_it.c:75:6:NMI_Handler	4	static
stm32h7xx_it.c:88:6:HardFault_Handler	4	static
stm32h7xx_it.c:103:6:MemManage_Handler	4	static
stm32h7xx_it.c:118:6:BusFault_Handler	4	static
stm32h7xx_it.c:133:6:UsageFault_Handler	4	static
stm32h7xx_it.c:148:6:SVC_Handler	4	static
stm32h7xx_it.c:161:6:DebugMon_Handler	4	static
stm32h7xx_it.c:181:6:SDMMC1_IRQHandler	8	static
stm32h7xx_it.c:195:6:UART4_IRQHandler	8	static
stm32h7xx_it.c:209:6:TIM6_DAC_IRQHandler	8	static
stm32h7xx_it.c:223:6:LTDC_IRQHandler	8	static
stm32h7xx_it.c:237:6:LTDC_ER_IRQHandler	8	static
stm32h7xx_it.c:251:6:DMA2D_IRQHandler	8	static
